// Jest Snapshot v1, https://goo.gl/fbAQLP

exports[`ArticleListItemTests renders correctly 1`] = `
<div>
  <li
    class="container"
  >
    <article
      class="article"
    >
      <div>
        <img
          class="image"
          src="https://cdn.cnn.com/cnnnext/dam/assets/181122102925-statue-of-liberty-crown-super-169.jpg"
        />
        <h1
          class="title"
          src="The Statue of Liberty's torch heads to new museum"
        />
      </div>
      <h1
        class="title"
      >
        The Statue of Liberty's torch heads to new museum
      </h1>
      <button
        class="button"
      >
        Show more
      </button>
    </article>
  </li>
</div>
`;
