// Jest Snapshot v1, https://goo.gl/fbAQLP

exports[`ArticleListTest renders correctly 1`] = `
<div>
  <section>
    <header>
      <h2 />
    </header>
    <ul
      class="container"
    >
      <li
        class="container"
      >
        <article
          class="article"
        >
          <div>
            <img
              class="image"
              src="https://cdn.cnn.com/cnnnext/dam/assets/181122102925-statue-of-liberty-crown-super-169.jpg"
            />
            <h1
              class="title"
              src="The Statue of Liberty's torch heads to new museum"
            />
          </div>
          <h1
            class="title"
          >
            The Statue of Liberty's torch heads to new museum
          </h1>
          <button
            class="button"
          >
            Show more
          </button>
        </article>
      </li>
      <li
        class="container"
      >
        <article
          class="article"
        >
          <div>
            <img
              class="image"
              src="https://cdn.cnn.com/cnnnext/dam/assets/170321135754-airport-security-line-file-super-169.jpg"
            />
            <h1
              class="title"
              src="You can take a pie on a plane"
            />
          </div>
          <h1
            class="title"
          >
            You can take a pie on a plane
          </h1>
          <button
            class="button"
          >
            Show more
          </button>
        </article>
      </li>
    </ul>
  </section>
</div>
`;
